[colorlib.com/preview/theme/amado/index.html]
[backblue.gif]
[fade.gif]
[index.html]
[colorlib.com/preview/theme/amado/img/core-img/favicon.ico]
[colorlib.com/preview/theme/amado/css/core-style.css]
[colorlib.com/preview/theme/amado/style.css]
[colorlib.com/preview/theme/amado/img/core-img/search.png]
[colorlib.com/preview/theme/amado/index-2.html]
[colorlib.com/preview/theme/amado/img/core-img/logo.png]
[colorlib.com/preview/theme/amado/shop.html]
[colorlib.com/preview/theme/amado/product-details.html]
[colorlib.com/preview/theme/amado/cart.html]
[colorlib.com/preview/theme/amado/checkout.html]
[colorlib.com/preview/theme/amado/img/core-img/cart.png]
[colorlib.com/preview/theme/amado/img/core-img/favorites.png]
[colorlib.com/preview/theme/amado/img/bg-img/1.jpg]
[colorlib.com/preview/theme/amado/img/bg-img/2.jpg]
[colorlib.com/preview/theme/amado/img/bg-img/3.jpg]
[colorlib.com/preview/theme/amado/img/bg-img/4.jpg]
[colorlib.com/preview/theme/amado/img/bg-img/5.jpg]
[colorlib.com/preview/theme/amado/img/bg-img/6.jpg]
[colorlib.com/preview/theme/amado/img/bg-img/7.jpg]
[colorlib.com/preview/theme/amado/img/bg-img/8.jpg]
[colorlib.com/preview/theme/amado/img/bg-img/9.jpg]
[colorlib.com/preview/theme/amado/img/core-img/logo2.png]
[colorlib.com/preview/theme/amado/js/jquery/jquery-2.2.4.min.js]
[colorlib.com/preview/theme/amado/js/popper.min.js]
[colorlib.com/preview/theme/amado/js/bootstrap.min.js]
[colorlib.com/preview/theme/amado/js/plugins.js]
[colorlib.com/preview/theme/amado/js/active.js]
[colorlib.com/preview/theme/amado/index.html]
[colorlib.com/preview/theme/amado/css/bootstrap.min.css]
[colorlib.com/preview/theme/amado/css/owl.carousel.css]
[colorlib.com/preview/theme/amado/css/animate.css]
[colorlib.com/preview/theme/amado/css/magnific-popup.css]
[colorlib.com/preview/theme/amado/css/jquery-ui.min.css]
[colorlib.com/preview/theme/amado/css/nice-select.css]
[colorlib.com/preview/theme/amado/css/font-awesome.min.css]
[colorlib.com/preview/theme/amado/fonts/helvetica_neu_bold-webfont.woff2]
[colorlib.com/preview/theme/amado/fonts/helvetica_neu_bold-webfont.woff]
[colorlib.com/preview/theme/amado/fonts/helveticaneue_medium-webfont.woff2]
[colorlib.com/preview/theme/amado/css/core-style.css]
[colorlib.com/preview/theme/amado/style.css]
[colorlib.com/preview/theme/amado/index-2.html]
[colorlib.com/preview/theme/amado/fonts/helveticaneue_medium-webfont.woff]
[colorlib.com/preview/theme/amado/img/product-img/product1.jpg]
[colorlib.com/preview/theme/amado/img/product-img/product2.jpg]
[colorlib.com/preview/theme/amado/img/product-img/product3.jpg]
[colorlib.com/preview/theme/amado/img/product-img/product4.jpg]
[colorlib.com/preview/theme/amado/img/product-img/product5.jpg]
[colorlib.com/preview/theme/amado/img/product-img/product6.jpg]
[colorlib.com/preview/theme/amado/shop.html]
[colorlib.com/preview/theme/amado/img/product-img/pro-big-1.jpg]
[colorlib.com/preview/theme/amado/img/product-img/pro-big-2.jpg]
[colorlib.com/preview/theme/amado/img/product-img/pro-big-3.jpg]
[colorlib.com/preview/theme/amado/img/product-img/pro-big-4.jpg]
[colorlib.com/preview/theme/amado/product-details.html]
[colorlib.com/preview/theme/amado/img/bg-img/cart1.jpg]
[colorlib.com/preview/theme/amado/img/bg-img/cart2.jpg]
[colorlib.com/preview/theme/amado/img/bg-img/cart3.jpg]
[colorlib.com/preview/theme/amado/cart.html]
[colorlib.com/preview/theme/amado/img/core-img/paypal.png]
[colorlib.com/preview/theme/amado/checkout.html]
[colorlib.com/preview/theme/amado/css/bootstrap.min.css]
[colorlib.com/preview/theme/amado/css/owl.video.play.png]
[colorlib.com/preview/theme/amado/css/owl.carousel.css]
[colorlib.com/preview/theme/amado/css/animate.css]
[colorlib.com/preview/theme/amado/css/magnific-popup.css]
[colorlib.com/preview/theme/amado/css/images/ui-icons_444444_256x240.png]
[colorlib.com/preview/theme/amado/css/images/ui-icons_555555_256x240.png]
[colorlib.com/preview/theme/amado/css/images/ui-icons_ffffff_256x240.png]
[colorlib.com/preview/theme/amado/css/images/ui-icons_777620_256x240.png]
[colorlib.com/preview/theme/amado/css/images/ui-icons_cc0000_256x240.png]
[colorlib.com/preview/theme/amado/css/images/ui-icons_777777_256x240.png]
[colorlib.com/preview/theme/amado/css/jquery-ui.min.css]
[colorlib.com/preview/theme/amado/css/nice-select.css]
[colorlib.com/preview/theme/amado/fonts/fontawesome-webfont3e6e.eot]
[colorlib.com/preview/theme/amado/fonts/fontawesome-webfontd41d.eot]
[colorlib.com/preview/theme/amado/fonts/fontawesome-webfont3e6e.woff2]
[colorlib.com/preview/theme/amado/fonts/fontawesome-webfont3e6e.woff]
[colorlib.com/preview/theme/amado/fonts/fontawesome-webfont3e6e.ttf]
[colorlib.com/preview/theme/amado/css/font-awesome.min.css]
[colorlib.com/preview/theme/amado/css/owl.video.play.html]
[colorlib.com/preview/theme/amado/css/images/ui-icons_444444_256x240.html]
[colorlib.com/preview/theme/amado/css/images/ui-icons_555555_256x240.html]
[colorlib.com/preview/theme/amado/css/images/ui-icons_ffffff_256x240.html]
[colorlib.com/preview/theme/amado/css/images/ui-icons_777620_256x240.html]
[colorlib.com/preview/theme/amado/css/images/ui-icons_cc0000_256x240.html]
[colorlib.com/preview/theme/amado/css/images/ui-icons_777777_256x240.html]
[colorlib.com/preview/theme/amado/fonts/fontawesome-webfont3e6e.svg]
[colorlib.com/preview/theme/amado/fonts/fontawesome-webfont3e6e.svg]
